 _______________________________________________________________
 _____ ___  _   _ _   _ ____  ______   __ __     _______ _____
|  ___/ _ \| | | | \ | |  _ \|  _ \ \ / / \ \   / |_   _|_   _|
| |_ | | | | | | |  \| | | | | |_) \ V /   \ \ / /  | |   | |
|  _|| |_| | |_| | |\  | |_| |  _ < | |     \ V /   | |   | |
|_|   \___/ \___/|_| \_|____/|_| \_\|_|      \_/    |_|   |_|
===============================================================
 Foundry VTT | Foundry Virtual Tabletop ESModule loaded
 Foundry VTT | Reestablishing existing session 27841b3364eadaa57d5b2a16
 Foundry VTT | Connected to server socket using session 27841b3364eadaa57d5b2a16
 Foundry VTT | Initializing Foundry Virtual Tabletop Game
 Foundry VTT | Retrieved and compiled template systems/custom-system-builder/templates/_template/partials/icon-formula.hbs
 Foundry VTT | Retrieved and compiled template systems/custom-system-builder/templates/_template/partials/icon-info.hbs
 Foundry VTT | Retrieved and compiled template systems/custom-system-builder/templates/_template/partials/icon-no-delimiters.hbs
 Foundry VTT | Loaded localization file modules/popout/lang/pt-BR.json
 Foundry VTT | Loaded localization file modules/pt-BR/lang/pt-BR.json
 Foundry VTT | Loaded localization file modules/popout/lang/en.json
 Foundry VTT | Loaded localization file lang/en.json
 Foundry VTT | Loaded localization file systems/custom-system-builder/lang/en.json
 Foundry VTT | Synchronized official game time in 1ms
 Custom System Builder | All props for Character (JQSCeMRfWBYwRp2I) computed in 2 loops.
 Custom System Builder | Done preparing data for Character (Actor.JQSCeMRfWBYwRp2I).
 Custom System Builder | All props for Character (JQSCeMRfWBYwRp2I) computed in 2 loops.
 Custom System Builder | Done preparing data for Character (Actor.JQSCeMRfWBYwRp2I).
 Custom System Builder | Item template has been deleted for item Anão - Actor.SpWW4pln0EJ1BTXa.Item.w2GqoL3CUKq0ipHT used in Character (2) - Actor.SpWW4pln0EJ1BTXa
_logToConsole @ Logger.js:39
 
onError @ foundry.mjs:23855
 Custom System Builder | All props for Character (3) (DsuH3ouBXiVaexmF) computed in 2 loops.
 Custom System Builder | Done preparing data for Character (3) (Actor.DsuH3ouBXiVaexmF).
 Custom System Builder | All props for Humanos (1e8PXsHCuEjdovpe) computed in 1 loops.
 Custom System Builder | Done preparing data for Humanos (Actor.DsuH3ouBXiVaexmF.Item.1e8PXsHCuEjdovpe).
 Custom System Builder | All props for Humanos (1e8PXsHCuEjdovpe) computed in 1 loops.
 Custom System Builder | Done preparing data for Humanos (Actor.DsuH3ouBXiVaexmF.Item.1e8PXsHCuEjdovpe).
 Custom System Builder | All props for Character (3) (DsuH3ouBXiVaexmF) computed in 2 loops.
 Custom System Builder | Done preparing data for Character (3) (Actor.DsuH3ouBXiVaexmF).
 Custom System Builder | All props for Character (4) (RV8sLBcwJuV1V7MW) computed in 2 loops.
 Custom System Builder | Done preparing data for Character (4) (Actor.RV8sLBcwJuV1V7MW).
 Custom System Builder | All props for Humanos (ekCBgFPICC0hPDLM) computed in 1 loops.
 Custom System Builder | Done preparing data for Humanos (Actor.RV8sLBcwJuV1V7MW.Item.ekCBgFPICC0hPDLM).
 Custom System Builder | All props for Humanos (ekCBgFPICC0hPDLM) computed in 1 loops.
 Custom System Builder | Done preparing data for Humanos (Actor.RV8sLBcwJuV1V7MW.Item.ekCBgFPICC0hPDLM).
 Custom System Builder | All props for Character (4) (RV8sLBcwJuV1V7MW) computed in 2 loops.
 Custom System Builder | Done preparing data for Character (4) (Actor.RV8sLBcwJuV1V7MW).
 Custom System Builder | Cannot convert "ancestralidade" to a number  Object
_logToConsole @ Logger.js:39
 Custom System Builder | Cannot convert "classe" to a number  Object
_logToConsole @ Logger.js:39
 Custom System Builder | Cannot convert "ancestralidade" to a number  Object
_logToConsole @ Logger.js:39
 Custom System Builder | Cannot convert "classe" to a number  Object
_logToConsole @ Logger.js:39
 Custom System Builder | All props for Character (5) (P0NZxGVDz6rEBjpw) computed in 2 loops.
 Custom System Builder | Done preparing data for Character (5) (Actor.P0NZxGVDz6rEBjpw).
 Custom System Builder | All props for Anões (G6IGRPaNr9KcMJuV) computed in 1 loops.
 Custom System Builder | Done preparing data for Anões (Actor.P0NZxGVDz6rEBjpw.Item.G6IGRPaNr9KcMJuV).
 Custom System Builder | All props for Anões (G6IGRPaNr9KcMJuV) computed in 1 loops.
 Custom System Builder | Done preparing data for Anões (Actor.P0NZxGVDz6rEBjpw.Item.G6IGRPaNr9KcMJuV).
 Custom System Builder | All props for Caçador (sXSYpI0jfTu8gMIN) computed in 2 loops.
 Custom System Builder | Done preparing data for Caçador (Actor.P0NZxGVDz6rEBjpw.Item.sXSYpI0jfTu8gMIN).
 Custom System Builder | Some props were not computed. Object
_logToConsole @ Logger.js:39
 Custom System Builder | All props for Caçador (sXSYpI0jfTu8gMIN) computed in 2 loops.
 Custom System Builder | Done preparing data for Caçador (Actor.P0NZxGVDz6rEBjpw.Item.sXSYpI0jfTu8gMIN).
 Custom System Builder | Cannot convert "ancestralidade" to a number  Object
_logToConsole @ Logger.js:39
 Custom System Builder | Cannot convert "classe" to a number  Object
_logToConsole @ Logger.js:39
 Custom System Builder | Cannot convert "ancestralidade" to a number  Object
_logToConsole @ Logger.js:39
 Custom System Builder | Cannot convert "classe" to a number  Object
_logToConsole @ Logger.js:39
 Custom System Builder | All props for Character (5) (P0NZxGVDz6rEBjpw) computed in 2 loops.
 Custom System Builder | Done preparing data for Character (5) (Actor.P0NZxGVDz6rEBjpw).
 
onError @ foundry.mjs:23855
 
onError @ foundry.mjs:23855
 Custom System Builder | All props for Anões (bSKfWNMfRsJWfnbX) computed in 2 loops.
 Custom System Builder | Done preparing data for Anões (Item.bSKfWNMfRsJWfnbX).
 Custom System Builder | Some props were not computed. Object
_logToConsole @ Logger.js:39
 Custom System Builder | All props for Anões (bSKfWNMfRsJWfnbX) computed in 2 loops.
 Custom System Builder | Done preparing data for Anões (Item.bSKfWNMfRsJWfnbX).
 Custom System Builder | All props for Caçador (NTSnCjsCdP3jVJS6) computed in 2 loops.
 Custom System Builder | Done preparing data for Caçador (Item.NTSnCjsCdP3jVJS6).
 Custom System Builder | Some props were not computed. Object
_logToConsole @ Logger.js:39
 Custom System Builder | All props for Caçador (NTSnCjsCdP3jVJS6) computed in 2 loops.
 Custom System Builder | Done preparing data for Caçador (Item.NTSnCjsCdP3jVJS6).
 Custom System Builder | All props for Drakari (ZLR80ZgQveFC0QSg) computed in 1 loops.
 Custom System Builder | Done preparing data for Drakari (Item.ZLR80ZgQveFC0QSg).
 Custom System Builder | All props for Drakari (ZLR80ZgQveFC0QSg) computed in 1 loops.
 Custom System Builder | Done preparing data for Drakari (Item.ZLR80ZgQveFC0QSg).
 Custom System Builder | All props for Elfos (WaSNkFJUVNqq3Qm3) computed in 1 loops.
 Custom System Builder | Done preparing data for Elfos (Item.WaSNkFJUVNqq3Qm3).
 Custom System Builder | All props for Elfos (WaSNkFJUVNqq3Qm3) computed in 1 loops.
 Custom System Builder | Done preparing data for Elfos (Item.WaSNkFJUVNqq3Qm3).
 Custom System Builder | All props for Emissário (5xRxdGRw2qXCDTQH) computed in 1 loops.
 Custom System Builder | Done preparing data for Emissário (Item.5xRxdGRw2qXCDTQH).
 Custom System Builder | All props for Emissário (5xRxdGRw2qXCDTQH) computed in 1 loops.
 Custom System Builder | Done preparing data for Emissário (Item.5xRxdGRw2qXCDTQH).
 Custom System Builder | All props for Feras (PznmdGSo0dM7ySbe) computed in 1 loops.
 Custom System Builder | Done preparing data for Feras (Item.PznmdGSo0dM7ySbe).
 Custom System Builder | All props for Feras (PznmdGSo0dM7ySbe) computed in 1 loops.
 Custom System Builder | Done preparing data for Feras (Item.PznmdGSo0dM7ySbe).
 Custom System Builder | All props for Humanos (0K05nsHImr37wdEL) computed in 2 loops.
 Custom System Builder | Done preparing data for Humanos (Item.0K05nsHImr37wdEL).
 Custom System Builder | Some props were not computed. Object
_logToConsole @ Logger.js:39
 Custom System Builder | All props for Humanos (0K05nsHImr37wdEL) computed in 2 loops.
 Custom System Builder | Done preparing data for Humanos (Item.0K05nsHImr37wdEL).
 Custom System Builder | All props for Tecelão de Sombras (6s0iH1asc4yD0Lre) computed in 1 loops.
 Custom System Builder | Done preparing data for Tecelão de Sombras (Item.6s0iH1asc4yD0Lre).
 Custom System Builder | All props for Tecelão de Sombras (6s0iH1asc4yD0Lre) computed in 1 loops.
 Custom System Builder | Done preparing data for Tecelão de Sombras (Item.6s0iH1asc4yD0Lre).
 Custom System Builder | All props for Umbrais (YOovM3LlsPYj8GXU) computed in 1 loops.
 Custom System Builder | Done preparing data for Umbrais (Item.YOovM3LlsPYj8GXU).
 Custom System Builder | All props for Umbrais (YOovM3LlsPYj8GXU) computed in 1 loops.
 Custom System Builder | Done preparing data for Umbrais (Item.YOovM3LlsPYj8GXU).
 Custom System Builder | All props for Vanguarda (OLT80ojrOk3d2UZs) computed in 1 loops.
 Custom System Builder | Done preparing data for Vanguarda (Item.OLT80ojrOk3d2UZs).
 Custom System Builder | All props for Vanguarda (OLT80ojrOk3d2UZs) computed in 1 loops.
 Custom System Builder | Done preparing data for Vanguarda (Item.OLT80ojrOk3d2UZs).
 Foundry VTT | Retrieved and compiled template templates/ui/scene-navigation.hbs
 Foundry VTT | Retrieved and compiled template templates/sidebar/tabs.hbs
 Foundry VTT | Retrieved and compiled template templates/sidebar/tab.hbs
 Foundry VTT | Retrieved and compiled template templates/ui/players.hbs
 Foundry VTT | Retrieved and compiled template templates/ui/hotbar.hbs
 Foundry VTT | Retrieved and compiled template templates/ui/scene-controls-layers.hbs
 Foundry VTT | Retrieved and compiled template templates/ui/scene-controls-tools.hbs
 Foundry VTT | Retrieved and compiled template templates/sidebar/tabs/chat/log.hbs
 Foundry VTT | Retrieved and compiled template templates/sidebar/tabs/chat/notifications.hbs
 Foundry VTT | Retrieved and compiled template templates/sidebar/tabs/chat/input.hbs
 Foundry VTT | Retrieved and compiled template templates/sidebar/tabs/combat/header.hbs
 Foundry VTT | Retrieved and compiled template templates/sidebar/tabs/combat/tracker.hbs
 Foundry VTT | Retrieved and compiled template templates/sidebar/tabs/combat/footer.hbs
 Foundry VTT | Retrieved and compiled template templates/sidebar/directory/header.hbs
 Foundry VTT | Retrieved and compiled template templates/sidebar/directory/directory.hbs
 Foundry VTT | Retrieved and compiled template templates/sidebar/partials/scene-partial.hbs
 Foundry VTT | Retrieved and compiled template templates/sidebar/partials/folder-partial.hbs
 Foundry VTT | Retrieved and compiled template templates/sidebar/directory/footer.hbs
 Foundry VTT | Retrieved and compiled template templates/sidebar/partials/document-partial.hbs
 Foundry VTT | Retrieved and compiled template templates/sidebar/tabs/playlist/controls.hbs
 Foundry VTT | Retrieved and compiled template templates/sidebar/tabs/playlist/playlist-partial.hbs
 Foundry VTT | Retrieved and compiled template templates/sidebar/tabs/playlist/playing.hbs
 Foundry VTT | Retrieved and compiled template templates/sidebar/tabs/playlist/sound-partial.hbs
 Foundry VTT | Retrieved and compiled template templates/sidebar/tabs/compendiums.hbs
 Foundry VTT | Retrieved and compiled template templates/sidebar/partials/pack-partial.hbs
 Foundry VTT | Retrieved and compiled template templates/sidebar/tabs/settings.hbs
 Foundry VTT | Retrieved and compiled template templates/sidebar/chat-message.hbs
 Foundry VTT | Fonts loaded and ready.
 Foundry VTT | Viewing Scene Cena
 Foundry VTT | Drawing game canvas for scene Cena
 Foundry VTT | Loading 51 Assets
 Foundry VTT | Drawing the HiddenCanvasGroup canvas group
 Foundry VTT | Drawing the RenderedCanvasGroup canvas group
 Foundry VTT | Drawing the EnvironmentCanvasGroup canvas group
 Foundry VTT | Drawing the PrimaryCanvasGroup canvas group
 Foundry VTT | Drawing the WeatherEffects canvas layer
 Foundry VTT | Drawing the EffectsCanvasGroup canvas group
 Foundry VTT | Drawing the CanvasBackgroundAlterationEffects canvas layer
 Foundry VTT | Drawing the CanvasIlluminationEffects canvas layer
 Foundry VTT | Drawing the CanvasColorationEffects canvas layer
 Foundry VTT | Drawing the CanvasDarknessEffects canvas layer
 Foundry VTT | Drawing the CanvasVisibility canvas group
 Worker TextureCompressor of FogExtractor | Initialized Worker
 Foundry VTT | Drawing the InterfaceCanvasGroup canvas group
 Foundry VTT | Drawing the GridLayer canvas layer
 Foundry VTT | Drawing the RegionLayer canvas layer
 Foundry VTT | Drawing the DrawingsLayer canvas layer
 Foundry VTT | Drawing the TemplateLayer canvas layer
 Foundry VTT | Drawing the TilesLayer canvas layer
 Foundry VTT | Drawing the WallsLayer canvas layer
 Foundry VTT | Drawing the TokenLayer canvas layer
 Foundry VTT | Drawing the SoundsLayer canvas layer
 Foundry VTT | Drawing the LightingLayer canvas layer
 Foundry VTT | Drawing the NotesLayer canvas layer
 Foundry VTT | Drawing the ControlsLayer canvas layer
 Foundry VTT | Retrieved and compiled template templates/hud/waypoint-label.hbs
 Foundry VTT | Drawing the OverlayCanvasGroup canvas group
 Applying buffered socket event: userActivity
 PANDORHA | Gatilho de Ancestralidade Ativado!
 PANDORHA | Sincronizado: Humanos
 PANDORHA | Sincronizado: Elfos
 PANDORHA | Sincronizado: Anões
 PANDORHA | Sincronizado: Drakari
 PANDORHA | Sincronizado: Umbrais
 PANDORHA | Sincronizado: Feras
 Sincronização Pandorha v1.4 Concluída! Gatilho do Seletor Ativo. 
 PANDORHA | Nenhuma Ficha de Ator precisou de atualização ou as abas necessárias não existem nela.
 Custom System Builder | Cannot convert "ancestralidade" to a number  Object
_logToConsole @ Logger.js:39
 Custom System Builder | Cannot convert "classe" to a number  Object
_logToConsole @ Logger.js:39
 Custom System Builder | Component not found in linkedEntity undefined Actor.P0NZxGVDz6rEBjpw anc_descricao_display CustomItem
_logToConsole @ Logger.js:39
 Custom System Builder | Component not found in linkedEntity undefined Actor.P0NZxGVDz6rEBjpw anc_lore_display CustomItem
_logToConsole @ Logger.js:39
 Custom System Builder | Component not found in linkedEntity undefined Actor.P0NZxGVDz6rEBjpw anc_aparencia_display CustomItem
_logToConsole @ Logger.js:39
 Custom System Builder | Component not found in linkedEntity undefined Actor.P0NZxGVDz6rEBjpw anc_bonus_eixo_display CustomItem
_logToConsole @ Logger.js:39
 Custom System Builder | Component not found in linkedEntity undefined Actor.P0NZxGVDz6rEBjpw capacidade_primordial_nome_display CustomItem
_logToConsole @ Logger.js:39
 Custom System Builder | Component not found in linkedEntity undefined Actor.P0NZxGVDz6rEBjpw capacidade_primordial_descr_display CustomItem
_logToConsole @ Logger.js:39
 Custom System Builder | Component not found in linkedEntity undefined Actor.P0NZxGVDz6rEBjpw traco_sel1_nome_display CustomItem
_logToConsole @ Logger.js:39
 Custom System Builder | Component not found in linkedEntity undefined Actor.P0NZxGVDz6rEBjpw traco_sel1_descr_display CustomItem
_logToConsole @ Logger.js:39
 Custom System Builder | Component not found in linkedEntity undefined Actor.P0NZxGVDz6rEBjpw traco_sel2_nome_display CustomItem
_logToConsole @ Logger.js:39
 Custom System Builder | Component not found in linkedEntity undefined Actor.P0NZxGVDz6rEBjpw traco_sel2_descr_display CustomItem
_logToConsole @ Logger.js:39
 Custom System Builder | Component not found in linkedEntity undefined Actor.P0NZxGVDz6rEBjpw traco_sel3_nome_display CustomItem
_logToConsole @ Logger.js:39
 Custom System Builder | Component not found in linkedEntity undefined Actor.P0NZxGVDz6rEBjpw traco_sel3_descr_display CustomItem
_logToConsole @ Logger.js:39
 Custom System Builder | Cannot convert "ancestralidade" to a number  Object
_logToConsole @ Logger.js:39
 Custom System Builder | Cannot convert "classe" to a number  Object
_logToConsole @ Logger.js:39
 Custom System Builder | Component not found in linkedEntity undefined Actor.P0NZxGVDz6rEBjpw classe_descricao_display CustomItem
_logToConsole @ Logger.js:39
 Custom System Builder | Component not found in linkedEntity undefined Actor.P0NZxGVDz6rEBjpw classe_matriz_display CustomItem
_logToConsole @ Logger.js:39
 Custom System Builder | Component not found in linkedEntity undefined Actor.P0NZxGVDz6rEBjpw classe_vitalidade_display CustomItem
_logToConsole @ Logger.js:39
 Custom System Builder | Component not found in linkedEntity undefined Actor.P0NZxGVDz6rEBjpw classe_equipamento_display CustomItem
_logToConsole @ Logger.js:39
 Custom System Builder | Component not found in linkedEntity undefined Actor.P0NZxGVDz6rEBjpw hab_passiva_nome_display CustomItem
_logToConsole @ Logger.js:39
 Custom System Builder | Component not found in linkedEntity undefined Actor.P0NZxGVDz6rEBjpw hab_passiva_descr_display CustomItem
_logToConsole @ Logger.js:39
 Custom System Builder | Component not found in linkedEntity undefined Actor.P0NZxGVDz6rEBjpw talento_classe_1_nome_display CustomItem
_logToConsole @ Logger.js:39
 Custom System Builder | Component not found in linkedEntity undefined Actor.P0NZxGVDz6rEBjpw talento_classe_1_descr_display CustomItem
_logToConsole @ Logger.js:39
 Custom System Builder | Component not found in linkedEntity undefined Actor.P0NZxGVDz6rEBjpw talento_classe_2_nome_display CustomItem
_logToConsole @ Logger.js:39
 Custom System Builder | Component not found in linkedEntity undefined Actor.P0NZxGVDz6rEBjpw talento_classe_2_descr_display CustomItem
_logToConsole @ Logger.js:39
 Foundry VTT | Retrieved and compiled template systems/custom-system-builder/templates/actor/v2/actor-character-sheet.hbs
 Custom System Builder | Cannot convert "ancestralidade" to a number  Object
_logToConsole @ Logger.js:39
 Custom System Builder | Cannot convert "classe" to a number  Object
_logToConsole @ Logger.js:39
 Custom System Builder | Cannot convert "ancestralidade" to a number  Object
_logToConsole @ Logger.js:39
 Custom System Builder | Cannot convert "classe" to a number  Object
_logToConsole @ Logger.js:39
 Custom System Builder | All props for Character (5) (P0NZxGVDz6rEBjpw) computed in 2 loops.
 Custom System Builder | Done preparing data for Character (5) (Actor.P0NZxGVDz6rEBjpw).
 Custom System Builder | All props for Anões (G6IGRPaNr9KcMJuV) computed in 1 loops.
 Custom System Builder | Done preparing data for Anões (Actor.P0NZxGVDz6rEBjpw.Item.G6IGRPaNr9KcMJuV).
 Custom System Builder | All props for Anões (G6IGRPaNr9KcMJuV) computed in 1 loops.
 Custom System Builder | Done preparing data for Anões (Actor.P0NZxGVDz6rEBjpw.Item.G6IGRPaNr9KcMJuV).
 Custom System Builder | All props for Caçador (sXSYpI0jfTu8gMIN) computed in 2 loops.
 Custom System Builder | Done preparing data for Caçador (Actor.P0NZxGVDz6rEBjpw.Item.sXSYpI0jfTu8gMIN).
 Custom System Builder | Some props were not computed. Object
_logToConsole @ Logger.js:39
 Custom System Builder | All props for Caçador (sXSYpI0jfTu8gMIN) computed in 2 loops.
 Custom System Builder | Done preparing data for Caçador (Actor.P0NZxGVDz6rEBjpw.Item.sXSYpI0jfTu8gMIN).
 Custom System Builder | Cannot convert "ancestralidade" to a number  Object
_logToConsole @ Logger.js:39
 Custom System Builder | Cannot convert "classe" to a number  Object
_logToConsole @ Logger.js:39
 Custom System Builder | Cannot convert "ancestralidade" to a number  Object
_logToConsole @ Logger.js:39
 Custom System Builder | Cannot convert "classe" to a number  Object
_logToConsole @ Logger.js:39
 Custom System Builder | All props for Character (5) (P0NZxGVDz6rEBjpw) computed in 2 loops.
 Custom System Builder | Done preparing data for Character (5) (Actor.P0NZxGVDz6rEBjpw).
 Custom System Builder | Cannot convert "ancestralidade" to a number  Object
_logToConsole @ Logger.js:39
 Custom System Builder | Cannot convert "classe" to a number  Object
_logToConsole @ Logger.js:39
 Custom System Builder | Component not found in linkedEntity undefined Actor.P0NZxGVDz6rEBjpw anc_descricao_display CustomItem
_logToConsole @ Logger.js:39
 Custom System Builder | Component not found in linkedEntity undefined Actor.P0NZxGVDz6rEBjpw anc_lore_display CustomItem
_logToConsole @ Logger.js:39
 Custom System Builder | Component not found in linkedEntity undefined Actor.P0NZxGVDz6rEBjpw anc_aparencia_display CustomItem
_logToConsole @ Logger.js:39
 Custom System Builder | Component not found in linkedEntity undefined Actor.P0NZxGVDz6rEBjpw anc_bonus_eixo_display CustomItem
_logToConsole @ Logger.js:39
 Custom System Builder | Component not found in linkedEntity undefined Actor.P0NZxGVDz6rEBjpw capacidade_primordial_nome_display CustomItem
_logToConsole @ Logger.js:39
 Custom System Builder | Component not found in linkedEntity undefined Actor.P0NZxGVDz6rEBjpw capacidade_primordial_descr_display CustomItem
_logToConsole @ Logger.js:39
 Custom System Builder | Component not found in linkedEntity undefined Actor.P0NZxGVDz6rEBjpw traco_sel1_nome_display CustomItem
_logToConsole @ Logger.js:39
 Custom System Builder | Component not found in linkedEntity undefined Actor.P0NZxGVDz6rEBjpw traco_sel1_descr_display CustomItem
_logToConsole @ Logger.js:39
 Custom System Builder | Component not found in linkedEntity undefined Actor.P0NZxGVDz6rEBjpw traco_sel2_nome_display CustomItem
_logToConsole @ Logger.js:39
 Custom System Builder | Component not found in linkedEntity undefined Actor.P0NZxGVDz6rEBjpw traco_sel2_descr_display CustomItem
_logToConsole @ Logger.js:39
 Custom System Builder | Component not found in linkedEntity undefined Actor.P0NZxGVDz6rEBjpw traco_sel3_nome_display CustomItem
_logToConsole @ Logger.js:39
 Custom System Builder | Component not found in linkedEntity undefined Actor.P0NZxGVDz6rEBjpw traco_sel3_descr_display CustomItem
_logToConsole @ Logger.js:39
 Custom System Builder | Cannot convert "ancestralidade" to a number  Object
_logToConsole @ Logger.js:39
 Custom System Builder | Cannot convert "classe" to a number  Object
_logToConsole @ Logger.js:39
 Custom System Builder | Component not found in linkedEntity undefined Actor.P0NZxGVDz6rEBjpw classe_descricao_display CustomItem
_logToConsole @ Logger.js:39
 Custom System Builder | Component not found in linkedEntity undefined Actor.P0NZxGVDz6rEBjpw classe_matriz_display CustomItem
_logToConsole @ Logger.js:39
 Custom System Builder | Component not found in linkedEntity undefined Actor.P0NZxGVDz6rEBjpw classe_vitalidade_display CustomItem
_logToConsole @ Logger.js:39
 Custom System Builder | Component not found in linkedEntity undefined Actor.P0NZxGVDz6rEBjpw classe_equipamento_display CustomItem
_logToConsole @ Logger.js:39
 Custom System Builder | Component not found in linkedEntity undefined Actor.P0NZxGVDz6rEBjpw hab_passiva_nome_display CustomItem
_logToConsole @ Logger.js:39
 Custom System Builder | Component not found in linkedEntity undefined Actor.P0NZxGVDz6rEBjpw hab_passiva_descr_display CustomItem
_logToConsole @ Logger.js:39
 Custom System Builder | Component not found in linkedEntity undefined Actor.P0NZxGVDz6rEBjpw talento_classe_1_nome_display CustomItem
_logToConsole @ Logger.js:39
 Custom System Builder | Component not found in linkedEntity undefined Actor.P0NZxGVDz6rEBjpw talento_classe_1_descr_display CustomItem
_logToConsole @ Logger.js:39
 Custom System Builder | Component not found in linkedEntity undefined Actor.P0NZxGVDz6rEBjpw talento_classe_2_nome_display CustomItem
_logToConsole @ Logger.js:39
 Custom System Builder | Component not found in linkedEntity undefined Actor.P0NZxGVDz6rEBjpw talento_classe_2_descr_display CustomItem
_logToConsole @ Logger.js:39
 Custom System Builder | Cannot convert "ancestralidade" to a number  Object
_logToConsole @ Logger.js:39
 Custom System Builder | Cannot convert "classe" to a number  Object
_logToConsole @ Logger.js:39
 Custom System Builder | Component not found in linkedEntity undefined Actor.P0NZxGVDz6rEBjpw anc_descricao_display CustomItem
_logToConsole @ Logger.js:39
 Custom System Builder | Component not found in linkedEntity undefined Actor.P0NZxGVDz6rEBjpw anc_lore_display CustomItem
_logToConsole @ Logger.js:39
 Custom System Builder | Component not found in linkedEntity undefined Actor.P0NZxGVDz6rEBjpw anc_aparencia_display CustomItem
_logToConsole @ Logger.js:39
 Custom System Builder | Component not found in linkedEntity undefined Actor.P0NZxGVDz6rEBjpw anc_bonus_eixo_display CustomItem
_logToConsole @ Logger.js:39
 Custom System Builder | Component not found in linkedEntity undefined Actor.P0NZxGVDz6rEBjpw capacidade_primordial_nome_display CustomItem
_logToConsole @ Logger.js:39
 Custom System Builder | Component not found in linkedEntity undefined Actor.P0NZxGVDz6rEBjpw capacidade_primordial_descr_display CustomItem
_logToConsole @ Logger.js:39
 Custom System Builder | Component not found in linkedEntity undefined Actor.P0NZxGVDz6rEBjpw traco_sel1_nome_display CustomItem
_logToConsole @ Logger.js:39
 Custom System Builder | Component not found in linkedEntity undefined Actor.P0NZxGVDz6rEBjpw traco_sel1_descr_display CustomItem
_logToConsole @ Logger.js:39
 Custom System Builder | Component not found in linkedEntity undefined Actor.P0NZxGVDz6rEBjpw traco_sel2_nome_display CustomItem
_logToConsole @ Logger.js:39
 Custom System Builder | Component not found in linkedEntity undefined Actor.P0NZxGVDz6rEBjpw traco_sel2_descr_display CustomItem
_logToConsole @ Logger.js:39
 Custom System Builder | Component not found in linkedEntity undefined Actor.P0NZxGVDz6rEBjpw traco_sel3_nome_display CustomItem
_logToConsole @ Logger.js:39
 Custom System Builder | Component not found in linkedEntity undefined Actor.P0NZxGVDz6rEBjpw traco_sel3_descr_display CustomItem
_logToConsole @ Logger.js:39
 Custom System Builder | Cannot convert "ancestralidade" to a number  Object
_logToConsole @ Logger.js:39
 Custom System Builder | Cannot convert "classe" to a number  Object
_logToConsole @ Logger.js:39
 Custom System Builder | Component not found in linkedEntity undefined Actor.P0NZxGVDz6rEBjpw classe_descricao_display CustomItem
_logToConsole @ Logger.js:39
 Custom System Builder | Component not found in linkedEntity undefined Actor.P0NZxGVDz6rEBjpw classe_matriz_display CustomItem
_logToConsole @ Logger.js:39
 Custom System Builder | Component not found in linkedEntity undefined Actor.P0NZxGVDz6rEBjpw classe_vitalidade_display CustomItem
_logToConsole @ Logger.js:39
 Custom System Builder | Component not found in linkedEntity undefined Actor.P0NZxGVDz6rEBjpw classe_equipamento_display CustomItem
_logToConsole @ Logger.js:39
 Custom System Builder | Component not found in linkedEntity undefined Actor.P0NZxGVDz6rEBjpw hab_passiva_nome_display CustomItem
_logToConsole @ Logger.js:39
 Custom System Builder | Component not found in linkedEntity undefined Actor.P0NZxGVDz6rEBjpw hab_passiva_descr_display CustomItem
_logToConsole @ Logger.js:39
 Custom System Builder | Component not found in linkedEntity undefined Actor.P0NZxGVDz6rEBjpw talento_classe_1_nome_display CustomItem
_logToConsole @ Logger.js:39
 Custom System Builder | Component not found in linkedEntity undefined Actor.P0NZxGVDz6rEBjpw talento_classe_1_descr_display CustomItem
_logToConsole @ Logger.js:39
 Custom System Builder | Component not found in linkedEntity undefined Actor.P0NZxGVDz6rEBjpw talento_classe_2_nome_display CustomItem
_logToConsole @ Logger.js:39
 Custom System Builder | Component not found in linkedEntity undefined Actor.P0NZxGVDz6rEBjpw talento_classe_2_descr_display CustomItem
_logToConsole @ Logger.js:39
 Custom System Builder | Cannot convert "ancestralidade" to a number  Object
_logToConsole @ Logger.js:39
 Custom System Builder | Cannot convert "ancestralidade" to a number  Object
_logToConsole @ Logger.js:39
 Custom System Builder | All props for Character (5) (P0NZxGVDz6rEBjpw) computed in 2 loops.
 Custom System Builder | Done preparing data for Character (5) (Actor.P0NZxGVDz6rEBjpw).
 Custom System Builder | All props for Anões (G6IGRPaNr9KcMJuV) computed in 1 loops.
 Custom System Builder | Done preparing data for Anões (Actor.P0NZxGVDz6rEBjpw.Item.G6IGRPaNr9KcMJuV).
 Custom System Builder | All props for Anões (G6IGRPaNr9KcMJuV) computed in 1 loops.
 Custom System Builder | Done preparing data for Anões (Actor.P0NZxGVDz6rEBjpw.Item.G6IGRPaNr9KcMJuV).
 Custom System Builder | Cannot convert "ancestralidade" to a number  Object
_logToConsole @ Logger.js:39
 Custom System Builder | Cannot convert "ancestralidade" to a number  Object
_logToConsole @ Logger.js:39
 Custom System Builder | All props for Character (5) (P0NZxGVDz6rEBjpw) computed in 2 loops.
 Custom System Builder | Done preparing data for Character (5) (Actor.P0NZxGVDz6rEBjpw).
 Custom System Builder | Cannot convert "ancestralidade" to a number  Object
_logToConsole @ Logger.js:39
 Custom System Builder | Cannot convert "ancestralidade" to a number  Object
_logToConsole @ Logger.js:39
 Custom System Builder | Component not found in linkedEntity undefined Actor.P0NZxGVDz6rEBjpw classe_descricao_display CustomItem
_logToConsole @ Logger.js:39
 Custom System Builder | Component not found in linkedEntity undefined Actor.P0NZxGVDz6rEBjpw classe_matriz_display CustomItem
_logToConsole @ Logger.js:39
 Custom System Builder | Component not found in linkedEntity undefined Actor.P0NZxGVDz6rEBjpw classe_vitalidade_display CustomItem
_logToConsole @ Logger.js:39
 Custom System Builder | Component not found in linkedEntity undefined Actor.P0NZxGVDz6rEBjpw classe_equipamento_display CustomItem
_logToConsole @ Logger.js:39
 Custom System Builder | Component not found in linkedEntity undefined Actor.P0NZxGVDz6rEBjpw hab_passiva_nome_display CustomItem
_logToConsole @ Logger.js:39
 Custom System Builder | Component not found in linkedEntity undefined Actor.P0NZxGVDz6rEBjpw hab_passiva_descr_display CustomItem
_logToConsole @ Logger.js:39
 Custom System Builder | Component not found in linkedEntity undefined Actor.P0NZxGVDz6rEBjpw talento_classe_1_nome_display CustomItem
_logToConsole @ Logger.js:39
 Custom System Builder | Component not found in linkedEntity undefined Actor.P0NZxGVDz6rEBjpw talento_classe_1_descr_display CustomItem
_logToConsole @ Logger.js:39
 Custom System Builder | Component not found in linkedEntity undefined Actor.P0NZxGVDz6rEBjpw talento_classe_2_nome_display CustomItem
_logToConsole @ Logger.js:39
 Custom System Builder | Component not found in linkedEntity undefined Actor.P0NZxGVDz6rEBjpw talento_classe_2_descr_display CustomItem
_logToConsole @ Logger.js:39
 Custom System Builder | Cannot convert "ancestralidade" to a number  Object
_logToConsole @ Logger.js:39
 Custom System Builder | Cannot convert "ancestralidade" to a number  Object
_logToConsole @ Logger.js:39
 Custom System Builder | Component not found in linkedEntity undefined Actor.P0NZxGVDz6rEBjpw classe_descricao_display CustomItem
_logToConsole @ Logger.js:39
 Custom System Builder | Component not found in linkedEntity undefined Actor.P0NZxGVDz6rEBjpw classe_matriz_display CustomItem
_logToConsole @ Logger.js:39
 Custom System Builder | Component not found in linkedEntity undefined Actor.P0NZxGVDz6rEBjpw classe_vitalidade_display CustomItem
_logToConsole @ Logger.js:39
 Custom System Builder | Component not found in linkedEntity undefined Actor.P0NZxGVDz6rEBjpw classe_equipamento_display CustomItem
_logToConsole @ Logger.js:39
 Custom System Builder | Component not found in linkedEntity undefined Actor.P0NZxGVDz6rEBjpw hab_passiva_nome_display CustomItem
_logToConsole @ Logger.js:39
 Custom System Builder | Component not found in linkedEntity undefined Actor.P0NZxGVDz6rEBjpw hab_passiva_descr_display CustomItem
_logToConsole @ Logger.js:39
 Custom System Builder | Component not found in linkedEntity undefined Actor.P0NZxGVDz6rEBjpw talento_classe_1_nome_display CustomItem
_logToConsole @ Logger.js:39
 Custom System Builder | Component not found in linkedEntity undefined Actor.P0NZxGVDz6rEBjpw talento_classe_1_descr_display CustomItem
_logToConsole @ Logger.js:39
 Custom System Builder | Component not found in linkedEntity undefined Actor.P0NZxGVDz6rEBjpw talento_classe_2_nome_display CustomItem
_logToConsole @ Logger.js:39
 Custom System Builder | Component not found in linkedEntity undefined Actor.P0NZxGVDz6rEBjpw talento_classe_2_descr_display CustomItem
_logToConsole @ Logger.js:39
 Custom System Builder | All props for Character (5) (P0NZxGVDz6rEBjpw) computed in 2 loops.
 Custom System Builder | Done preparing data for Character (5) (Actor.P0NZxGVDz6rEBjpw).
 Custom System Builder | All props for Character (5) (P0NZxGVDz6rEBjpw) computed in 2 loops.
 Custom System Builder | Done preparing data for Character (5) (Actor.P0NZxGVDz6rEBjpw).
 Custom System Builder | All props for Character (5) (P0NZxGVDz6rEBjpw) computed in 2 loops.
 Custom System Builder | Done preparing data for Character (5) (Actor.P0NZxGVDz6rEBjpw).
 Custom System Builder | All props for Character (5) (P0NZxGVDz6rEBjpw) computed in 2 loops.
 Custom System Builder | Done preparing data for Character (5) (Actor.P0NZxGVDz6rEBjpw).
 Foundry VTT | Retrieved and compiled template templates/sidebar/document-create.html
 Custom System Builder | All props for Character (6) (null) computed in 1 loops.
 Custom System Builder | Done preparing data for Character (6) (null).
 Custom System Builder | All props for Character (6) (null) computed in 1 loops.
 Custom System Builder | Done preparing data for Character (6) (null).
 Custom System Builder | All props for Character (6) (CyiOVlE0lIauwjOF) computed in 1 loops.
 Custom System Builder | Done preparing data for Character (6) (Actor.CyiOVlE0lIauwjOF).
 Custom System Builder | All props for Character (6) (CyiOVlE0lIauwjOF) computed in 1 loops.
 Custom System Builder | Done preparing data for Character (6) (Actor.CyiOVlE0lIauwjOF).
 Custom System Builder | All props for Character (6) (CyiOVlE0lIauwjOF) computed in 1 loops.
 Custom System Builder | Done preparing data for Character (6) (Actor.CyiOVlE0lIauwjOF).
 Custom System Builder | All props for Character (6) (CyiOVlE0lIauwjOF) computed in 1 loops.
 Custom System Builder | Done preparing data for Character (6) (Actor.CyiOVlE0lIauwjOF).
 Custom System Builder | All props for Character (6) (CyiOVlE0lIauwjOF) computed in 1 loops.
 Custom System Builder | Done preparing data for Character (6) (Actor.CyiOVlE0lIauwjOF).
 Custom System Builder | All props for Character (6) (CyiOVlE0lIauwjOF) computed in 1 loops.
 Custom System Builder | Done preparing data for Character (6) (Actor.CyiOVlE0lIauwjOF).
 Custom System Builder | All props for Character (6) (CyiOVlE0lIauwjOF) computed in 1 loops.
 Custom System Builder | Done preparing data for Character (6) (Actor.CyiOVlE0lIauwjOF).
 Custom System Builder | All props for Character (6) (CyiOVlE0lIauwjOF) computed in 2 loops.
 Custom System Builder | Done preparing data for Character (6) (Actor.CyiOVlE0lIauwjOF).
 Custom System Builder | All props for Character (6) (CyiOVlE0lIauwjOF) computed in 2 loops.
 Custom System Builder | Done preparing data for Character (6) (Actor.CyiOVlE0lIauwjOF).
 Foundry VTT | Retrieved and compiled template systems/custom-system-builder/templates/item/v2/equippableItem-sheet.hbs
 Custom System Builder | Some props were not computed. Object
_logToConsole @ Logger.js:39
 Custom System Builder | All props for Anões (bSKfWNMfRsJWfnbX) computed in 2 loops.
 Custom System Builder | Done preparing data for Anões (Item.bSKfWNMfRsJWfnbX).
 Custom System Builder | Some props were not computed. Object
_logToConsole @ Logger.js:39
 Custom System Builder | All props for Caçador (NTSnCjsCdP3jVJS6) computed in 2 loops.
 Custom System Builder | Done preparing data for Caçador (Item.NTSnCjsCdP3jVJS6).
 Custom System Builder | All props for Anões (bSKfWNMfRsJWfnbX) computed in 2 loops.
 Custom System Builder | Done preparing data for Anões (Item.bSKfWNMfRsJWfnbX).
 Custom System Builder | Some props were not computed. Object
_logToConsole @ Logger.js:39
 Custom System Builder | All props for Anões (bSKfWNMfRsJWfnbX) computed in 2 loops.
 Custom System Builder | Done preparing data for Anões (Item.bSKfWNMfRsJWfnbX).
 Custom System Builder | Created item contents Y3gGx9zEMNVlAAVs
 Custom System Builder | All props for Anões (Y3gGx9zEMNVlAAVs) computed in 2 loops.
 Custom System Builder | Done preparing data for Anões (Actor.CyiOVlE0lIauwjOF.Item.Y3gGx9zEMNVlAAVs).
 Custom System Builder | Some props were not computed. Object
_logToConsole @ Logger.js:39
 Custom System Builder | All props for Anões (Y3gGx9zEMNVlAAVs) computed in 2 loops.
 Custom System Builder | Done preparing data for Anões (Actor.CyiOVlE0lIauwjOF.Item.Y3gGx9zEMNVlAAVs).
 Custom System Builder | All props for Anões (Y3gGx9zEMNVlAAVs) computed in 2 loops.
 Custom System Builder | Done preparing data for Anões (Actor.CyiOVlE0lIauwjOF.Item.Y3gGx9zEMNVlAAVs).
 Custom System Builder | Some props were not computed. Object
_logToConsole @ Logger.js:39
 Custom System Builder | All props for Anões (Y3gGx9zEMNVlAAVs) computed in 2 loops.
 Custom System Builder | Done preparing data for Anões (Actor.CyiOVlE0lIauwjOF.Item.Y3gGx9zEMNVlAAVs).
 Custom System Builder | Cannot convert "ancestralidade" to a number  Object
_logToConsole @ Logger.js:39
 Custom System Builder | Cannot convert "ancestralidade" to a number  Object
_logToConsole @ Logger.js:39
 Custom System Builder | All props for Character (6) (CyiOVlE0lIauwjOF) computed in 2 loops.
 Custom System Builder | Done preparing data for Character (6) (Actor.CyiOVlE0lIauwjOF).
 Custom System Builder | All props for Anões (Y3gGx9zEMNVlAAVs) computed in 2 loops.
 Custom System Builder | Done preparing data for Anões (Actor.CyiOVlE0lIauwjOF.Item.Y3gGx9zEMNVlAAVs).
 Custom System Builder | Some props were not computed. Object
_logToConsole @ Logger.js:39
 Custom System Builder | All props for Anões (Y3gGx9zEMNVlAAVs) computed in 2 loops.
 Custom System Builder | Done preparing data for Anões (Actor.CyiOVlE0lIauwjOF.Item.Y3gGx9zEMNVlAAVs).
 Custom System Builder | Cannot convert "ancestralidade" to a number  Object
_logToConsole @ Logger.js:39
 Custom System Builder | Cannot convert "ancestralidade" to a number  Object
_logToConsole @ Logger.js:39
 Custom System Builder | All props for Character (6) (CyiOVlE0lIauwjOF) computed in 2 loops.
 Custom System Builder | Done preparing data for Character (6) (Actor.CyiOVlE0lIauwjOF).
 PANDORHA | Ancestralidade detectada: Anões. Abrindo Seletor...
 
logCompatibilityWarning @ foundry.mjs:6727
 Foundry VTT | Rendering Dialog
 Custom System Builder | Cannot convert "ancestralidade" to a number  Object
_logToConsole @ Logger.js:39
 Custom System Builder | Cannot convert "ancestralidade" to a number  Object
_logToConsole @ Logger.js:39
 Custom System Builder | Component not found in linkedEntity undefined Actor.CyiOVlE0lIauwjOF classe_descricao_display CustomItem
_logToConsole @ Logger.js:39
 Custom System Builder | Component not found in linkedEntity undefined Actor.CyiOVlE0lIauwjOF classe_matriz_display CustomItem
_logToConsole @ Logger.js:39
 Custom System Builder | Component not found in linkedEntity undefined Actor.CyiOVlE0lIauwjOF classe_vitalidade_display CustomItem
_logToConsole @ Logger.js:39
 Custom System Builder | Component not found in linkedEntity undefined Actor.CyiOVlE0lIauwjOF classe_equipamento_display CustomItem
_logToConsole @ Logger.js:39
 Custom System Builder | Component not found in linkedEntity undefined Actor.CyiOVlE0lIauwjOF hab_passiva_nome_display CustomItem
_logToConsole @ Logger.js:39
 Custom System Builder | Component not found in linkedEntity undefined Actor.CyiOVlE0lIauwjOF hab_passiva_descr_display CustomItem
_logToConsole @ Logger.js:39
 Custom System Builder | Component not found in linkedEntity undefined Actor.CyiOVlE0lIauwjOF talento_classe_1_nome_display CustomItem
_logToConsole @ Logger.js:39
 Custom System Builder | Component not found in linkedEntity undefined Actor.CyiOVlE0lIauwjOF talento_classe_1_descr_display CustomItem
_logToConsole @ Logger.js:39
 Custom System Builder | Component not found in linkedEntity undefined Actor.CyiOVlE0lIauwjOF talento_classe_2_nome_display CustomItem
_logToConsole @ Logger.js:39
 Custom System Builder | Component not found in linkedEntity undefined Actor.CyiOVlE0lIauwjOF talento_classe_2_descr_display CustomItem
_logToConsole @ Logger.js:39
 Foundry VTT | Retrieved and compiled template templates/hud/dialog.html
 Foundry VTT | Retrieved and compiled template templates/app-window.html
 Custom System Builder | All props for Anões (Y3gGx9zEMNVlAAVs) computed in 1 loops.
 Custom System Builder | Done preparing data for Anões (Actor.CyiOVlE0lIauwjOF.Item.Y3gGx9zEMNVlAAVs).
 Custom System Builder | All props for Anões (Y3gGx9zEMNVlAAVs) computed in 1 loops.
 Custom System Builder | Done preparing data for Anões (Actor.CyiOVlE0lIauwjOF.Item.Y3gGx9zEMNVlAAVs).
 Custom System Builder | Cannot convert "ancestralidade" to a number  Object
_logToConsole @ Logger.js:39
 Custom System Builder | Cannot convert "ancestralidade" to a number  Object
_logToConsole @ Logger.js:39
 Custom System Builder | All props for Character (6) (CyiOVlE0lIauwjOF) computed in 2 loops.
 Custom System Builder | Done preparing data for Character (6) (Actor.CyiOVlE0lIauwjOF).
 Custom System Builder | All props for Anões (Y3gGx9zEMNVlAAVs) computed in 1 loops.
 Custom System Builder | Done preparing data for Anões (Actor.CyiOVlE0lIauwjOF.Item.Y3gGx9zEMNVlAAVs).
 Custom System Builder | All props for Anões (Y3gGx9zEMNVlAAVs) computed in 1 loops.
 Custom System Builder | Done preparing data for Anões (Actor.CyiOVlE0lIauwjOF.Item.Y3gGx9zEMNVlAAVs).
 Custom System Builder | Cannot convert "ancestralidade" to a number  Object
_logToConsole @ Logger.js:39
 Custom System Builder | Cannot convert "ancestralidade" to a number  Object
_logToConsole @ Logger.js:39
 Custom System Builder | All props for Character (6) (CyiOVlE0lIauwjOF) computed in 2 loops.
 Custom System Builder | Done preparing data for Character (6) (Actor.CyiOVlE0lIauwjOF).
 Custom System Builder | Cannot convert "ancestralidade" to a number  Object
_logToConsole @ Logger.js:39
 Custom System Builder | Cannot convert "ancestralidade" to a number  Object
_logToConsole @ Logger.js:39
 Custom System Builder | Component not found in linkedEntity undefined Actor.CyiOVlE0lIauwjOF classe_descricao_display CustomItem
_logToConsole @ Logger.js:39
 Custom System Builder | Component not found in linkedEntity undefined Actor.CyiOVlE0lIauwjOF classe_matriz_display CustomItem
_logToConsole @ Logger.js:39
 Custom System Builder | Component not found in linkedEntity undefined Actor.CyiOVlE0lIauwjOF classe_vitalidade_display CustomItem
_logToConsole @ Logger.js:39
 Custom System Builder | Component not found in linkedEntity undefined Actor.CyiOVlE0lIauwjOF classe_equipamento_display CustomItem
_logToConsole @ Logger.js:39
 Custom System Builder | Component not found in linkedEntity undefined Actor.CyiOVlE0lIauwjOF hab_passiva_nome_display CustomItem
_logToConsole @ Logger.js:39
 Custom System Builder | Component not found in linkedEntity undefined Actor.CyiOVlE0lIauwjOF hab_passiva_descr_display CustomItem
_logToConsole @ Logger.js:39
 Custom System Builder | Component not found in linkedEntity undefined Actor.CyiOVlE0lIauwjOF talento_classe_1_nome_display CustomItem
_logToConsole @ Logger.js:39
 Custom System Builder | Component not found in linkedEntity undefined Actor.CyiOVlE0lIauwjOF talento_classe_1_descr_display CustomItem
_logToConsole @ Logger.js:39
 Custom System Builder | Component not found in linkedEntity undefined Actor.CyiOVlE0lIauwjOF talento_classe_2_nome_display CustomItem
_logToConsole @ Logger.js:39
 Custom System Builder | Component not found in linkedEntity undefined Actor.CyiOVlE0lIauwjOF talento_classe_2_descr_display CustomItem
_logToConsole @ Logger.js:39
 Custom System Builder | Cannot convert "ancestralidade" to a number  Object
_logToConsole @ Logger.js:39
 Custom System Builder | Cannot convert "ancestralidade" to a number  Object
_logToConsole @ Logger.js:39
 Custom System Builder | All props for Character (6) (CyiOVlE0lIauwjOF) computed in 2 loops.
 Custom System Builder | Done preparing data for Character (6) (Actor.CyiOVlE0lIauwjOF).
 Custom System Builder | All props for Anões (Y3gGx9zEMNVlAAVs) computed in 1 loops.
 Custom System Builder | Done preparing data for Anões (Actor.CyiOVlE0lIauwjOF.Item.Y3gGx9zEMNVlAAVs).
 Custom System Builder | All props for Anões (Y3gGx9zEMNVlAAVs) computed in 1 loops.
 Custom System Builder | Done preparing data for Anões (Actor.CyiOVlE0lIauwjOF.Item.Y3gGx9zEMNVlAAVs).
 Custom System Builder | Cannot convert "ancestralidade" to a number  Object
_logToConsole @ Logger.js:39
 Custom System Builder | Cannot convert "ancestralidade" to a number  Object
_logToConsole @ Logger.js:39
 Custom System Builder | All props for Character (6) (CyiOVlE0lIauwjOF) computed in 2 loops.
 Custom System Builder | Done preparing data for Character (6) (Actor.CyiOVlE0lIauwjOF).
 Ancestralidade Anões configurada com sucesso! 
 Custom System Builder | Cannot convert "ancestralidade" to a number  Object
_logToConsole @ Logger.js:39
 Custom System Builder | Cannot convert "ancestralidade" to a number  Object
_logToConsole @ Logger.js:39
 Custom System Builder | Component not found in linkedEntity undefined Actor.CyiOVlE0lIauwjOF classe_descricao_display CustomItem
_logToConsole @ Logger.js:39
 Custom System Builder | Component not found in linkedEntity undefined Actor.CyiOVlE0lIauwjOF classe_matriz_display CustomItem
_logToConsole @ Logger.js:39
 Custom System Builder | Component not found in linkedEntity undefined Actor.CyiOVlE0lIauwjOF classe_vitalidade_display CustomItem
_logToConsole @ Logger.js:39
 Custom System Builder | Component not found in linkedEntity undefined Actor.CyiOVlE0lIauwjOF classe_equipamento_display CustomItem
_logToConsole @ Logger.js:39
 Custom System Builder | Component not found in linkedEntity undefined Actor.CyiOVlE0lIauwjOF hab_passiva_nome_display CustomItem
_logToConsole @ Logger.js:39
 Custom System Builder | Component not found in linkedEntity undefined Actor.CyiOVlE0lIauwjOF hab_passiva_descr_display CustomItem
_logToConsole @ Logger.js:39
 Custom System Builder | Component not found in linkedEntity undefined Actor.CyiOVlE0lIauwjOF talento_classe_1_nome_display CustomItem
_logToConsole @ Logger.js:39
 Custom System Builder | Component not found in linkedEntity undefined Actor.CyiOVlE0lIauwjOF talento_classe_1_descr_display CustomItem
_logToConsole @ Logger.js:39
 Custom System Builder | Component not found in linkedEntity undefined Actor.CyiOVlE0lIauwjOF talento_classe_2_nome_display CustomItem
_logToConsole @ Logger.js:39
 Custom System Builder | Component not found in linkedEntity undefined Actor.CyiOVlE0lIauwjOF talento_classe_2_descr_display CustomItem
_logToConsole @ Logger.js:39
 Custom System Builder | All props for Caçador (NTSnCjsCdP3jVJS6) computed in 2 loops.
 Custom System Builder | Done preparing data for Caçador (Item.NTSnCjsCdP3jVJS6).
 Custom System Builder | Some props were not computed. Object
_logToConsole @ Logger.js:39
 Custom System Builder | All props for Caçador (NTSnCjsCdP3jVJS6) computed in 2 loops.
 Custom System Builder | Done preparing data for Caçador (Item.NTSnCjsCdP3jVJS6).
 Custom System Builder | Created item contents 3FdRXXM7ERPmNWR6
 Custom System Builder | All props for Caçador (3FdRXXM7ERPmNWR6) computed in 2 loops.
 Custom System Builder | Done preparing data for Caçador (Actor.CyiOVlE0lIauwjOF.Item.3FdRXXM7ERPmNWR6).
 Custom System Builder | Some props were not computed. Object
_logToConsole @ Logger.js:39
 Custom System Builder | All props for Caçador (3FdRXXM7ERPmNWR6) computed in 2 loops.
 Custom System Builder | Done preparing data for Caçador (Actor.CyiOVlE0lIauwjOF.Item.3FdRXXM7ERPmNWR6).
 Custom System Builder | All props for Caçador (3FdRXXM7ERPmNWR6) computed in 2 loops.
 Custom System Builder | Done preparing data for Caçador (Actor.CyiOVlE0lIauwjOF.Item.3FdRXXM7ERPmNWR6).
 Custom System Builder | Some props were not computed. Object
_logToConsole @ Logger.js:39
 Custom System Builder | All props for Caçador (3FdRXXM7ERPmNWR6) computed in 2 loops.
 Custom System Builder | Done preparing data for Caçador (Actor.CyiOVlE0lIauwjOF.Item.3FdRXXM7ERPmNWR6).
 Custom System Builder | Cannot convert "ancestralidade" to a number  Object
_logToConsole @ Logger.js:39
 Custom System Builder | Cannot convert "classe" to a number  Object
_logToConsole @ Logger.js:39
 Custom System Builder | Cannot convert "ancestralidade" to a number  Object
_logToConsole @ Logger.js:39
 Custom System Builder | Cannot convert "classe" to a number  Object
_logToConsole @ Logger.js:39
 Custom System Builder | All props for Character (6) (CyiOVlE0lIauwjOF) computed in 2 loops.
 Custom System Builder | Done preparing data for Character (6) (Actor.CyiOVlE0lIauwjOF).
 Custom System Builder | All props for Anões (Y3gGx9zEMNVlAAVs) computed in 1 loops.
 Custom System Builder | Done preparing data for Anões (Actor.CyiOVlE0lIauwjOF.Item.Y3gGx9zEMNVlAAVs).
 Custom System Builder | All props for Anões (Y3gGx9zEMNVlAAVs) computed in 1 loops.
 Custom System Builder | Done preparing data for Anões (Actor.CyiOVlE0lIauwjOF.Item.Y3gGx9zEMNVlAAVs).
 Custom System Builder | All props for Caçador (3FdRXXM7ERPmNWR6) computed in 2 loops.
 Custom System Builder | Done preparing data for Caçador (Actor.CyiOVlE0lIauwjOF.Item.3FdRXXM7ERPmNWR6).
 Custom System Builder | Some props were not computed. Object
_logToConsole @ Logger.js:39
 Custom System Builder | All props for Caçador (3FdRXXM7ERPmNWR6) computed in 2 loops.
 Custom System Builder | Done preparing data for Caçador (Actor.CyiOVlE0lIauwjOF.Item.3FdRXXM7ERPmNWR6).
 Custom System Builder | Cannot convert "ancestralidade" to a number  Object
_logToConsole @ Logger.js:39
 Custom System Builder | Cannot convert "classe" to a number  Object
_logToConsole @ Logger.js:39
 Custom System Builder | Cannot convert "ancestralidade" to a number  Object
_logToConsole @ Logger.js:39
 Custom System Builder | Cannot convert "classe" to a number  Object
_logToConsole @ Logger.js:39
 Custom System Builder | All props for Character (6) (CyiOVlE0lIauwjOF) computed in 2 loops.
 Custom System Builder | Done preparing data for Character (6) (Actor.CyiOVlE0lIauwjOF).
 Custom System Builder | Cannot convert "ancestralidade" to a number  Object
_logToConsole @ Logger.js:39
 Custom System Builder | Cannot convert "classe" to a number  Object
_logToConsole @ Logger.js:39
 Custom System Builder | Component not found in linkedEntity undefined Actor.CyiOVlE0lIauwjOF anc_descricao_display CustomItem
_logToConsole @ Logger.js:39
 Custom System Builder | Component not found in linkedEntity undefined Actor.CyiOVlE0lIauwjOF anc_lore_display CustomItem
_logToConsole @ Logger.js:39
 Custom System Builder | Component not found in linkedEntity undefined Actor.CyiOVlE0lIauwjOF anc_aparencia_display CustomItem
_logToConsole @ Logger.js:39
 Custom System Builder | Component not found in linkedEntity undefined Actor.CyiOVlE0lIauwjOF anc_bonus_eixo_display CustomItem
_logToConsole @ Logger.js:39
 Custom System Builder | Component not found in linkedEntity undefined Actor.CyiOVlE0lIauwjOF capacidade_primordial_nome_display CustomItem
_logToConsole @ Logger.js:39
 Custom System Builder | Component not found in linkedEntity undefined Actor.CyiOVlE0lIauwjOF capacidade_primordial_descr_display CustomItem
_logToConsole @ Logger.js:39
 Custom System Builder | Component not found in linkedEntity undefined Actor.CyiOVlE0lIauwjOF traco_sel1_nome_display CustomItem
_logToConsole @ Logger.js:39
 Custom System Builder | Component not found in linkedEntity undefined Actor.CyiOVlE0lIauwjOF traco_sel1_descr_display CustomItem
_logToConsole @ Logger.js:39
 Custom System Builder | Component not found in linkedEntity undefined Actor.CyiOVlE0lIauwjOF traco_sel2_nome_display CustomItem
_logToConsole @ Logger.js:39
 Custom System Builder | Component not found in linkedEntity undefined Actor.CyiOVlE0lIauwjOF traco_sel2_descr_display CustomItem
_logToConsole @ Logger.js:39
 Custom System Builder | Component not found in linkedEntity undefined Actor.CyiOVlE0lIauwjOF traco_sel3_nome_display CustomItem
_logToConsole @ Logger.js:39
 Custom System Builder | Component not found in linkedEntity undefined Actor.CyiOVlE0lIauwjOF traco_sel3_descr_display CustomItem
_logToConsole @ Logger.js:39
 Custom System Builder | Cannot convert "ancestralidade" to a number  Object
_logToConsole @ Logger.js:39
 Custom System Builder | Cannot convert "classe" to a number  Object
_logToConsole @ Logger.js:39
 Custom System Builder | Component not found in linkedEntity undefined Actor.CyiOVlE0lIauwjOF classe_descricao_display CustomItem
_logToConsole @ Logger.js:39
 Custom System Builder | Component not found in linkedEntity undefined Actor.CyiOVlE0lIauwjOF classe_matriz_display CustomItem
_logToConsole @ Logger.js:39
 Custom System Builder | Component not found in linkedEntity undefined Actor.CyiOVlE0lIauwjOF classe_vitalidade_display CustomItem
_logToConsole @ Logger.js:39
 Custom System Builder | Component not found in linkedEntity undefined Actor.CyiOVlE0lIauwjOF classe_equipamento_display CustomItem
_logToConsole @ Logger.js:39
 Custom System Builder | Component not found in linkedEntity undefined Actor.CyiOVlE0lIauwjOF hab_passiva_nome_display CustomItem
_logToConsole @ Logger.js:39
 Custom System Builder | Component not found in linkedEntity undefined Actor.CyiOVlE0lIauwjOF hab_passiva_descr_display CustomItem
_logToConsole @ Logger.js:39
 Custom System Builder | Component not found in linkedEntity undefined Actor.CyiOVlE0lIauwjOF talento_classe_1_nome_display CustomItem
_logToConsole @ Logger.js:39
 Custom System Builder | Component not found in linkedEntity undefined Actor.CyiOVlE0lIauwjOF talento_classe_1_descr_display CustomItem
_logToConsole @ Logger.js:39
 Custom System Builder | Component not found in linkedEntity undefined Actor.CyiOVlE0lIauwjOF talento_classe_2_nome_display CustomItem
_logToConsole @ Logger.js:39
 Custom System Builder | Component not found in linkedEntity undefined Actor.CyiOVlE0lIauwjOF talento_classe_2_descr_display CustomItem
_logToConsole @ Logger.js:39
 Custom System Builder | Cannot convert "ancestralidade" to a number  Object
_logToConsole @ Logger.js:39
 Custom System Builder | Cannot convert "ancestralidade" to a number  Object
_logToConsole @ Logger.js:39
 Custom System Builder | All props for Character (6) (CyiOVlE0lIauwjOF) computed in 2 loops.
 Custom System Builder | Done preparing data for Character (6) (Actor.CyiOVlE0lIauwjOF).
 Custom System Builder | All props for Anões (Y3gGx9zEMNVlAAVs) computed in 1 loops.
 Custom System Builder | Done preparing data for Anões (Actor.CyiOVlE0lIauwjOF.Item.Y3gGx9zEMNVlAAVs).
 Custom System Builder | All props for Anões (Y3gGx9zEMNVlAAVs) computed in 1 loops.
 Custom System Builder | Done preparing data for Anões (Actor.CyiOVlE0lIauwjOF.Item.Y3gGx9zEMNVlAAVs).
 Custom System Builder | Cannot convert "ancestralidade" to a number  Object
_logToConsole @ Logger.js:39
 Custom System Builder | Cannot convert "ancestralidade" to a number  Object
_logToConsole @ Logger.js:39
 Custom System Builder | All props for Character (6) (CyiOVlE0lIauwjOF) computed in 2 loops.
 Custom System Builder | Done preparing data for Character (6) (Actor.CyiOVlE0lIauwjOF).
 Custom System Builder | Cannot convert "ancestralidade" to a number  Object
_logToConsole @ Logger.js:39
 Custom System Builder | Cannot convert "ancestralidade" to a number  Object
_logToConsole @ Logger.js:39
 Custom System Builder | Component not found in linkedEntity undefined Actor.CyiOVlE0lIauwjOF classe_descricao_display CustomItem
_logToConsole @ Logger.js:39
 Custom System Builder | Component not found in linkedEntity undefined Actor.CyiOVlE0lIauwjOF classe_matriz_display CustomItem
_logToConsole @ Logger.js:39
 Custom System Builder | Component not found in linkedEntity undefined Actor.CyiOVlE0lIauwjOF classe_vitalidade_display CustomItem
_logToConsole @ Logger.js:39
 Custom System Builder | Component not found in linkedEntity undefined Actor.CyiOVlE0lIauwjOF classe_equipamento_display CustomItem
_logToConsole @ Logger.js:39
 Custom System Builder | Component not found in linkedEntity undefined Actor.CyiOVlE0lIauwjOF hab_passiva_nome_display CustomItem
_logToConsole @ Logger.js:39
 Custom System Builder | Component not found in linkedEntity undefined Actor.CyiOVlE0lIauwjOF hab_passiva_descr_display CustomItem
_logToConsole @ Logger.js:39
 Custom System Builder | Component not found in linkedEntity undefined Actor.CyiOVlE0lIauwjOF talento_classe_1_nome_display CustomItem
_logToConsole @ Logger.js:39
Logger.js:39 Custom System Builder | Component not found in linkedEntity undefined Actor.CyiOVlE0lIauwjOF talento_classe_1_descr_display CustomItem
_logToConsole @ Logger.js:39
Logger.js:39 Custom System Builder | Component not found in linkedEntity undefined Actor.CyiOVlE0lIauwjOF talento_classe_2_nome_display CustomItem
_logToConsole @ Logger.js:39
Logger.js:39 Custom System Builder | Component not found in linkedEntity undefined Actor.CyiOVlE0lIauwjOF talento_classe_2_descr_display CustomItem
_logToConsole @ Logger.js:39
Logger.js:39 Custom System Builder | Cannot convert "ancestralidade" to a number Error: Cannot convert "ancestralidade" to a number
    at convert (typed.js:305:15)
    at I.r (typed-function.js:1076:22)
    at t (typed-function.js:1030:43)
    at oe (typed-function.js:1448:27)
    at equal (typed-function.js:1476:24)
    at OperatorNode.js:304:18
    at Object.evaluate (Node.js:56:16)
    at i.evaluate (Node.js:38:29)
    at Formula.computeStatic (Formula.js:531:27)
    at ItemContainer.js:929:79 Object
_logToConsole @ Logger.js:39
Logger.js:39 Custom System Builder | Cannot convert "ancestralidade" to a number Error: Cannot convert "ancestralidade" to a number
    at convert (typed.js:305:15)
    at I.r (typed-function.js:1076:22)
    at t (typed-function.js:1030:43)
    at oe (typed-function.js:1448:27)
    at equal (typed-function.js:1476:24)
    at OperatorNode.js:304:18
    at Object.evaluate (Node.js:56:16)
    at i.evaluate (Node.js:38:29)
    at Formula.computeStatic (Formula.js:531:27)
    at ItemContainer.js:929:79 Object
_logToConsole @ Logger.js:39
Logger.js:39 Custom System Builder | Component not found in linkedEntity undefined Actor.CyiOVlE0lIauwjOF classe_descricao_display CustomItem
_logToConsole @ Logger.js:39
Logger.js:39 Custom System Builder | Component not found in linkedEntity undefined Actor.CyiOVlE0lIauwjOF classe_matriz_display CustomItem
_logToConsole @ Logger.js:39
Logger.js:39 Custom System Builder | Component not found in linkedEntity undefined Actor.CyiOVlE0lIauwjOF classe_vitalidade_display CustomItem
_logToConsole @ Logger.js:39
Logger.js:39 Custom System Builder | Component not found in linkedEntity undefined Actor.CyiOVlE0lIauwjOF classe_equipamento_display CustomItem
_logToConsole @ Logger.js:39
Logger.js:39 Custom System Builder | Component not found in linkedEntity undefined Actor.CyiOVlE0lIauwjOF hab_passiva_nome_display CustomItem
_logToConsole @ Logger.js:39
Logger.js:39 Custom System Builder | Component not found in linkedEntity undefined Actor.CyiOVlE0lIauwjOF hab_passiva_descr_display CustomItem
_logToConsole @ Logger.js:39
Logger.js:39 Custom System Builder | Component not found in linkedEntity undefined Actor.CyiOVlE0lIauwjOF talento_classe_1_nome_display CustomItem
_logToConsole @ Logger.js:39
Logger.js:39 Custom System Builder | Component not found in linkedEntity undefined Actor.CyiOVlE0lIauwjOF talento_classe_1_descr_display CustomItem
_logToConsole @ Logger.js:39
Logger.js:39 Custom System Builder | Component not found in linkedEntity undefined Actor.CyiOVlE0lIauwjOF talento_classe_2_nome_display CustomItem
_logToConsole @ Logger.js:39
Logger.js:39 Custom System Builder | Component not found in linkedEntity undefined Actor.CyiOVlE0lIauwjOF talento_classe_2_descr_display CustomItem
_logToConsole @ Logger.js:39
Logger.js:39 Custom System Builder | Created item contents 4ovKSlh4De4PJ1g3
Logger.js:39 Custom System Builder | All props for Caçador (4ovKSlh4De4PJ1g3) computed in 2 loops.
Logger.js:39 Custom System Builder | Done preparing data for Caçador (Actor.CyiOVlE0lIauwjOF.Item.4ovKSlh4De4PJ1g3).
Logger.js:39 Custom System Builder | Some props were not computed. Object
_logToConsole @ Logger.js:39
Logger.js:39 Custom System Builder | All props for Caçador (4ovKSlh4De4PJ1g3) computed in 2 loops.
Logger.js:39 Custom System Builder | Done preparing data for Caçador (Actor.CyiOVlE0lIauwjOF.Item.4ovKSlh4De4PJ1g3).
Logger.js:39 Custom System Builder | All props for Caçador (4ovKSlh4De4PJ1g3) computed in 2 loops.
Logger.js:39 Custom System Builder | Done preparing data for Caçador (Actor.CyiOVlE0lIauwjOF.Item.4ovKSlh4De4PJ1g3).
Logger.js:39 Custom System Builder | Some props were not computed. Object
_logToConsole @ Logger.js:39
Logger.js:39 Custom System Builder | All props for Caçador (4ovKSlh4De4PJ1g3) computed in 2 loops.
Logger.js:39 Custom System Builder | Done preparing data for Caçador (Actor.CyiOVlE0lIauwjOF.Item.4ovKSlh4De4PJ1g3).
Logger.js:39 Custom System Builder | Cannot convert "ancestralidade" to a number Error: Cannot convert "ancestralidade" to a number
    at convert (typed.js:305:15)
    at I.r (typed-function.js:1076:22)
    at t (typed-function.js:1030:43)
    at oe (typed-function.js:1448:27)
    at equal (typed-function.js:1476:24)
    at OperatorNode.js:304:18
    at Object.evaluate (Node.js:56:16)
    at i.evaluate (Node.js:38:29)
    at Formula.computeStatic (Formula.js:531:27)
    at ItemContainer.js:929:79 Object
_logToConsole @ Logger.js:39
Logger.js:39 Custom System Builder | Cannot convert "classe" to a number Error: Cannot convert "classe" to a number
    at convert (typed.js:305:15)
    at I.r (typed-function.js:1076:22)
    at t (typed-function.js:1030:43)
    at oe (typed-function.js:1448:27)
    at equal (typed-function.js:1476:24)
    at OperatorNode.js:304:18
    at Object.evaluate (Node.js:56:16)
    at i.evaluate (Node.js:38:29)
    at Formula.computeStatic (Formula.js:531:27)
    at ItemContainer.js:929:79 Object
_logToConsole @ Logger.js:39
Logger.js:39 Custom System Builder | Cannot convert "ancestralidade" to a number Error: Cannot convert "ancestralidade" to a number
    at convert (typed.js:305:15)
    at I.r (typed-function.js:1076:22)
    at t (typed-function.js:1030:43)
    at oe (typed-function.js:1448:27)
    at equal (typed-function.js:1476:24)
    at OperatorNode.js:304:18
    at Object.evaluate (Node.js:56:16)
    at i.evaluate (Node.js:38:29)
    at Formula.computeStatic (Formula.js:531:27)
    at ItemContainer.js:929:79 Object
_logToConsole @ Logger.js:39
Logger.js:39 Custom System Builder | Cannot convert "classe" to a number Error: Cannot convert "classe" to a number
    at convert (typed.js:305:15)
    at I.r (typed-function.js:1076:22)
    at t (typed-function.js:1030:43)
    at oe (typed-function.js:1448:27)
    at equal (typed-function.js:1476:24)
    at OperatorNode.js:304:18
    at Object.evaluate (Node.js:56:16)
    at i.evaluate (Node.js:38:29)
    at Formula.computeStatic (Formula.js:531:27)
    at ItemContainer.js:929:79 Object
_logToConsole @ Logger.js:39
Logger.js:39 Custom System Builder | All props for Character (6) (CyiOVlE0lIauwjOF) computed in 2 loops.
Logger.js:39 Custom System Builder | Done preparing data for Character (6) (Actor.CyiOVlE0lIauwjOF).
Logger.js:39 Custom System Builder | All props for Anões (Y3gGx9zEMNVlAAVs) computed in 1 loops.
Logger.js:39 Custom System Builder | Done preparing data for Anões (Actor.CyiOVlE0lIauwjOF.Item.Y3gGx9zEMNVlAAVs).
Logger.js:39 Custom System Builder | All props for Anões (Y3gGx9zEMNVlAAVs) computed in 1 loops.
Logger.js:39 Custom System Builder | Done preparing data for Anões (Actor.CyiOVlE0lIauwjOF.Item.Y3gGx9zEMNVlAAVs).
Logger.js:39 Custom System Builder | All props for Caçador (4ovKSlh4De4PJ1g3) computed in 2 loops.
Logger.js:39 Custom System Builder | Done preparing data for Caçador (Actor.CyiOVlE0lIauwjOF.Item.4ovKSlh4De4PJ1g3).
Logger.js:39 Custom System Builder | Some props were not computed. Object
_logToConsole @ Logger.js:39
Logger.js:39 Custom System Builder | All props for Caçador (4ovKSlh4De4PJ1g3) computed in 2 loops.
Logger.js:39 Custom System Builder | Done preparing data for Caçador (Actor.CyiOVlE0lIauwjOF.Item.4ovKSlh4De4PJ1g3).
Logger.js:39 Custom System Builder | Cannot convert "ancestralidade" to a number Error: Cannot convert "ancestralidade" to a number
    at convert (typed.js:305:15)
    at I.r (typed-function.js:1076:22)
    at t (typed-function.js:1030:43)
    at oe (typed-function.js:1448:27)
    at equal (typed-function.js:1476:24)
    at OperatorNode.js:304:18
    at Object.evaluate (Node.js:56:16)
    at i.evaluate (Node.js:38:29)
    at Formula.computeStatic (Formula.js:531:27)
    at ItemContainer.js:929:79 Object
_logToConsole @ Logger.js:39
Logger.js:39 Custom System Builder | Cannot convert "classe" to a number Error: Cannot convert "classe" to a number
    at convert (typed.js:305:15)
    at I.r (typed-function.js:1076:22)
    at t (typed-function.js:1030:43)
    at oe (typed-function.js:1448:27)
    at equal (typed-function.js:1476:24)
    at OperatorNode.js:304:18
    at Object.evaluate (Node.js:56:16)
    at i.evaluate (Node.js:38:29)
    at Formula.computeStatic (Formula.js:531:27)
    at ItemContainer.js:929:79 Object
_logToConsole @ Logger.js:39
Logger.js:39 Custom System Builder | Cannot convert "ancestralidade" to a number Error: Cannot convert "ancestralidade" to a number
    at convert (typed.js:305:15)
    at I.r (typed-function.js:1076:22)
    at t (typed-function.js:1030:43)
    at oe (typed-function.js:1448:27)
    at equal (typed-function.js:1476:24)
    at OperatorNode.js:304:18
    at Object.evaluate (Node.js:56:16)
    at i.evaluate (Node.js:38:29)
    at Formula.computeStatic (Formula.js:531:27)
    at ItemContainer.js:929:79 Object
_logToConsole @ Logger.js:39
Logger.js:39 Custom System Builder | Cannot convert "classe" to a number Error: Cannot convert "classe" to a number
    at convert (typed.js:305:15)
    at I.r (typed-function.js:1076:22)
    at t (typed-function.js:1030:43)
    at oe (typed-function.js:1448:27)
    at equal (typed-function.js:1476:24)
    at OperatorNode.js:304:18
    at Object.evaluate (Node.js:56:16)
    at i.evaluate (Node.js:38:29)
    at Formula.computeStatic (Formula.js:531:27)
    at ItemContainer.js:929:79 Object
_logToConsole @ Logger.js:39
Logger.js:39 Custom System Builder | All props for Character (6) (CyiOVlE0lIauwjOF) computed in 2 loops.
Logger.js:39 Custom System Builder | Done preparing data for Character (6) (Actor.CyiOVlE0lIauwjOF).
Logger.js:39 Custom System Builder | Cannot convert "ancestralidade" to a number Error: Cannot convert "ancestralidade" to a number
    at convert (typed.js:305:15)
    at I.r (typed-function.js:1076:22)
    at t (typed-function.js:1030:43)
    at oe (typed-function.js:1448:27)
    at equal (typed-function.js:1476:24)
    at OperatorNode.js:304:18
    at Object.evaluate (Node.js:56:16)
    at i.evaluate (Node.js:38:29)
    at Formula.computeStatic (Formula.js:531:27)
    at ItemContainer.js:929:79 Object
_logToConsole @ Logger.js:39
Logger.js:39 Custom System Builder | Cannot convert "classe" to a number Error: Cannot convert "classe" to a number
    at convert (typed.js:305:15)
    at I.r (typed-function.js:1076:22)
    at t (typed-function.js:1030:43)
    at oe (typed-function.js:1448:27)
    at equal (typed-function.js:1476:24)
    at OperatorNode.js:304:18
    at Object.evaluate (Node.js:56:16)
    at i.evaluate (Node.js:38:29)
    at Formula.computeStatic (Formula.js:531:27)
    at ItemContainer.js:929:79 Object
_logToConsole @ Logger.js:39
Logger.js:39 Custom System Builder | Component not found in linkedEntity undefined Actor.CyiOVlE0lIauwjOF anc_descricao_display CustomItem
_logToConsole @ Logger.js:39
Logger.js:39 Custom System Builder | Component not found in linkedEntity undefined Actor.CyiOVlE0lIauwjOF anc_lore_display CustomItem
_logToConsole @ Logger.js:39
Logger.js:39 Custom System Builder | Component not found in linkedEntity undefined Actor.CyiOVlE0lIauwjOF anc_aparencia_display CustomItem
_logToConsole @ Logger.js:39
Logger.js:39 Custom System Builder | Component not found in linkedEntity undefined Actor.CyiOVlE0lIauwjOF anc_bonus_eixo_display CustomItem
_logToConsole @ Logger.js:39
Logger.js:39 Custom System Builder | Component not found in linkedEntity undefined Actor.CyiOVlE0lIauwjOF capacidade_primordial_nome_display CustomItem
_logToConsole @ Logger.js:39
Logger.js:39 Custom System Builder | Component not found in linkedEntity undefined Actor.CyiOVlE0lIauwjOF capacidade_primordial_descr_display CustomItem
_logToConsole @ Logger.js:39
Logger.js:39 Custom System Builder | Component not found in linkedEntity undefined Actor.CyiOVlE0lIauwjOF traco_sel1_nome_display CustomItem
_logToConsole @ Logger.js:39
Logger.js:39 Custom System Builder | Component not found in linkedEntity undefined Actor.CyiOVlE0lIauwjOF traco_sel1_descr_display CustomItem
_logToConsole @ Logger.js:39
Logger.js:39 Custom System Builder | Component not found in linkedEntity undefined Actor.CyiOVlE0lIauwjOF traco_sel2_nome_display CustomItem
_logToConsole @ Logger.js:39
Logger.js:39 Custom System Builder | Component not found in linkedEntity undefined Actor.CyiOVlE0lIauwjOF traco_sel2_descr_display CustomItem
_logToConsole @ Logger.js:39
Logger.js:39 Custom System Builder | Component not found in linkedEntity undefined Actor.CyiOVlE0lIauwjOF traco_sel3_nome_display CustomItem
_logToConsole @ Logger.js:39
Logger.js:39 Custom System Builder | Component not found in linkedEntity undefined Actor.CyiOVlE0lIauwjOF traco_sel3_descr_display CustomItem
_logToConsole @ Logger.js:39
Logger.js:39 Custom System Builder | Cannot convert "ancestralidade" to a number Error: Cannot convert "ancestralidade" to a number
    at convert (typed.js:305:15)
    at I.r (typed-function.js:1076:22)
    at t (typed-function.js:1030:43)
    at oe (typed-function.js:1448:27)
    at equal (typed-function.js:1476:24)
    at OperatorNode.js:304:18
    at Object.evaluate (Node.js:56:16)
    at i.evaluate (Node.js:38:29)
    at Formula.computeStatic (Formula.js:531:27)
    at ItemContainer.js:929:79 Object
_logToConsole @ Logger.js:39
Logger.js:39 Custom System Builder | Cannot convert "classe" to a number Error: Cannot convert "classe" to a number
    at convert (typed.js:305:15)
    at I.r (typed-function.js:1076:22)
    at t (typed-function.js:1030:43)
    at oe (typed-function.js:1448:27)
    at equal (typed-function.js:1476:24)
    at OperatorNode.js:304:18
    at Object.evaluate (Node.js:56:16)
    at i.evaluate (Node.js:38:29)
    at Formula.computeStatic (Formula.js:531:27)
    at ItemContainer.js:929:79 Object
_logToConsole @ Logger.js:39
Logger.js:39 Custom System Builder | Component not found in linkedEntity undefined Actor.CyiOVlE0lIauwjOF classe_descricao_display CustomItem
_logToConsole @ Logger.js:39
Logger.js:39 Custom System Builder | Component not found in linkedEntity undefined Actor.CyiOVlE0lIauwjOF classe_matriz_display CustomItem
_logToConsole @ Logger.js:39
Logger.js:39 Custom System Builder | Component not found in linkedEntity undefined Actor.CyiOVlE0lIauwjOF classe_vitalidade_display CustomItem
_logToConsole @ Logger.js:39
Logger.js:39 Custom System Builder | Component not found in linkedEntity undefined Actor.CyiOVlE0lIauwjOF classe_equipamento_display CustomItem
_logToConsole @ Logger.js:39
Logger.js:39 Custom System Builder | Component not found in linkedEntity undefined Actor.CyiOVlE0lIauwjOF hab_passiva_nome_display CustomItem
_logToConsole @ Logger.js:39
Logger.js:39 Custom System Builder | Component not found in linkedEntity undefined Actor.CyiOVlE0lIauwjOF hab_passiva_descr_display CustomItem
_logToConsole @ Logger.js:39
Logger.js:39 Custom System Builder | Component not found in linkedEntity undefined Actor.CyiOVlE0lIauwjOF talento_classe_1_nome_display CustomItem
_logToConsole @ Logger.js:39
Logger.js:39 Custom System Builder | Component not found in linkedEntity undefined Actor.CyiOVlE0lIauwjOF talento_classe_1_descr_display CustomItem
_logToConsole @ Logger.js:39
Logger.js:39 Custom System Builder | Component not found in linkedEntity undefined Actor.CyiOVlE0lIauwjOF talento_classe_2_nome_display CustomItem
_logToConsole @ Logger.js:39
Logger.js:39 Custom System Builder | Component not found in linkedEntity undefined Actor.CyiOVlE0lIauwjOF talento_classe_2_descr_display CustomItem
_logToConsole @ Logger.js:39
foundry.mjs:115132 O Foundry Virtual Tabletop requer uma janela utilizável com dimensões de 1024px por 768px ou maiores. As dimensões atuais desta janela são 982px por 794px. No momento, você tem um fator de zoom aplicado no sistema operacional ou no navegador, o que está reduzindo o tamanho efetivo da sua janela. Você deve aumentar o tamanho da sua janela ou reduzir o fator de zoom aplicado ao seu navegador, caso contrário, alguns recursos do software não funcionarão corretamente. 
#fetch @ foundry.mjs:115132
notify @ foundry.mjs:114991
error @ foundry.mjs:115031
#validateResolution @ foundry.mjs:166558
(anonymous) @ foundry.mjs:692
